Minimum heap 1082130432  Initial heap 1082130432  Maximum heap 1082130432
1: Minimum gen0 541065216  Initial gen0 541065216  Maximum gen0 541065216
Minimum gen1 541065216  Initial gen1 541065216  Maximum gen1 541065216
TwoGenerationCollectorPolicy::mem_allocate_work: attempting locked slow path allocation
DefNewGeneration::allocate_from_space(36700162):  will_fail: false  heap_lock: locked  free: 54067200  should_allocate_from_space: NOT
  returns NULL
2014-03-30T21:37:45.456-0800: 0.870: [GCAllocated 0 objects, 0 bytes concurrentlyAllocated 17327 objects, 3433928 bytes concurrently2014-03-30T21:37:45.458-0800: 0.873: [ParNewlevel=0 invoke=1 size=293601296CMS: promo attempt is safe: available(541065216) >= av_promo(0),max_promo(420240728)
: 420240728->651608(486998016), 0.3469850 secs] 420240728->101317016(1028063232)Promoted 1 objects, 100663312 bytes Contiguous available 440268736 bytes Promoted 0 objects, 0 bytes Contiguous available 64225280 bytes , 0.3497350 secs] [Times: user=2.20 sys=0.02, real=0.35 secs] 
CMS: promo attempt is safe: available(440399808) >= av_promo(100665408),max_promo(294252904)
TwoGenerationCollectorPolicy::mem_allocate_work: attempting locked slow path allocation
DefNewGeneration::allocate_from_space(36700162):  will_fail: false  heap_lock: locked  free: 53415592  should_allocate_from_space: NOT
  returns NULL
2014-03-30T21:37:45.843-0800: 1.257: [GCAllocated 0 objects, 0 bytes concurrentlyAllocated 336 objects, 62288 bytes concurrently2014-03-30T21:37:45.847-0800: 1.261: [ParNewlevel=0 invoke=2 size=293601296CMS: promo attempt is safe: available(440399808) >= av_promo(100665408),max_promo(416830552)
: 416830552->902920(486998016), 0.3413100 secs] 517495960->202233736(1028063232)Promoted 1 objects, 100663312 bytes Contiguous available 339603328 bytes Promoted 0 objects, 0 bytes Contiguous available 64225280 bytes , 0.3451300 secs] [Times: user=2.13 sys=0.01, real=0.34 secs] 
CMS: promo attempt is safe: available(339734400) >= av_promo(100665408),max_promo(294504216)
TwoGenerationCollectorPolicy::mem_allocate_work: attempting locked slow path allocation
DefNewGeneration::allocate_from_space(36700162):  will_fail: false  heap_lock: locked  free: 53164280  should_allocate_from_space: NOT
  returns NULL
2014-03-30T21:37:46.224-0800: 1.639: [GCAllocated 0 objects, 0 bytes concurrentlyAllocated 0 objects, 0 bytes concurrently2014-03-30T21:37:46.225-0800: 1.640: [ParNewlevel=0 invoke=3 size=293601296CMS: promo attempt is safe: available(339734400) >= av_promo(100665408),max_promo(400975952)
: 400975952->851440(486998016), 0.3412060 secs] 602306768->302847664(1028063232)Promoted 1 objects, 100663312 bytes Contiguous available 238937920 bytes Promoted 0 objects, 0 bytes Contiguous available 64225280 bytes , 0.3420470 secs] [Times: user=2.16 sys=0.02, real=0.34 secs] 
 CMSCollector: collect for bootstrapping statistics: occupancy = 0.558151, boot occupancy = 0.500000
2014-03-30T21:37:46.583-0800: 1.998: [GC2014-03-30T21:37:46.585-0800: 1.999: [
checkpointRootsInitialWork, 0.3182460 secs]
 [1 CMS-initial-mark: 301996224(541065216)] 596448960(1028063232), 0.3200120 secs] [Times: user=0.32 sys=0.00, real=0.32 secs] 
2014-03-30T21:37:46.903-0800: 2.318: [CMS-concurrent-mark-start]
2014-03-30T21:37:46.938-0800: 2.352: [CMS-concurrent-mark: 0.035/0.035 secs] [Times: user=0.07 sys=0.00, real=0.03 secs] 
2014-03-30T21:37:46.938-0800: 2.352: [CMS-concurrent-preclean-start]
 (modUnionTable: 0 cards)2014-03-30T21:37:46.939-0800: 2.353: [CMS-concurrent-preclean: 0.001/0.001 secs] [Times: user=0.00 sys=0.00, real=0.00 secs] 
2014-03-30T21:37:46.939-0800: 2.353: [CMS-concurrent-abortable-preclean-start]
CMS: promo attempt is safe: available(239068992) >= av_promo(100665408),max_promo(294452736)
 (modUnionTable: 0 cards)CMS: promo attempt is safe: available(239068992) >= av_promo(100665408),max_promo(294452736)
CMS: promo attempt is safe: available(239068992) >= av_promo(100665408),max_promo(294452736)
......
CMS: promo attempt is safe: available(239068992) >= av_promo(100665408),max_promo(294452736)
 (modUnionTable: 0 cards)CMS: promo attempt is safe: available(239068992) >= av_promo(100665408),max_promo(294452736)
CMS: promo attempt is safe: available(239068992) >= av_promo(100665408),max_promo(294452736)
......
CMS: promo attempt is safe: available(239068992) >= av_promo(100665408),max_promo(294452736)
CMS: promo attempt is safe: available(239068992) >= av_promo(100665408),max_promo(294452736)
CMS: promo attempt is safe: available(239068992) >= av_promo(100665408),max_promo(294452736)
 (modUnionTable: 0 cards) CMS: abort preclean due to time 2014-03-30T21:37:52.002-0800: 7.416: [CMS-concurrent-abortable-preclean: 1.457/5.063 secs] [Times: user=1.22 sys=0.09, real=5.07 secs] 
2014-03-30T21:37:52.002-0800: 7.416: [GC[YG occupancy: 287551 K (475584 K)]2014-03-30T21:37:52.002-0800: 7.416: [checkpointRootsFinalWork2014-03-30T21:37:52.002-0800: 7.416: [Rescan (parallel) ParallelTaskTerminator::offer_termination() thread -1316870144 sleeps after 5001 yields
ParallelTaskTerminator::offer_termination() thread -1316857856 sleeps after 5001 yields
ParallelTaskTerminator::offer_termination() thread -1316876288 sleeps after 5001 yields
......
ParallelTaskTerminator::offer_termination() thread -1316870144 sleeps after 5001 yields
, 0.4067980 secs]2014-03-30T21:37:52.409-0800: 7.823: [refProcessingWork2014-03-30T21:37:52.409-0800: 7.823: [weak refs processing, 0.0000280 secs]2014-03-30T21:37:52.409-0800: 7.823: [scrub string table, 0.0001320 secs], 0.0001900 secs], 0.4070580 secs] [1 CMS-remark: 301996224(541065216)] 596448960(1028063232), 0.4070940 secs] [Times: user=2.86 sys=0.04, real=0.40 secs] 
2014-03-30T21:37:52.417-0800: 7.832: [CMS-concurrent-sweep-start]
Collected 0 objects, 0 bytes
Live 3 objects,  301989936 bytes  Already free 5 objects, 239075280 bytes
Total sweep: 541065216 bytes
Statistics for BinaryTreeDictionary:
------------------------------------
Total Free Space: 29867240
Max   Chunk Size: 29867240
Number of Blocks: 1
Av.  Block  Size: 29867240
Tree      Height: 1
2014-03-30T21:37:52.419-0800: 7.833: [CMS-concurrent-sweep: 0.002/0.002 secs] [Times: user=0.00 sys=0.00, real=0.00 secs] 
2014-03-30T21:37:52.419-0800: 7.833: [CMS-concurrent-reset-start]
2014-03-30T21:37:52.420-0800: 7.834: [CMS-concurrent-reset: 0.001/0.001 secs] [Times: user=0.01 sys=0.00, real=0.01 secs] 
 301996224->301996224(541065216)CMSStats::time_until_cms_gen_full: cms_free 138403584 expected_promotion 100665408
  cms_free_dbl 124563225.600000 cms_consumption_rate 262622773.627115
CMSStats::time_until_cms_gen_full: cms_free 138403584 expected_promotion 100665408
  cms_free_dbl 124563225.600000 cms_consumption_rate 262622773.627115
 CMSCollector: collect because of anticipated promotion before full 5.8535919 + 0.3833080 > 0.4743047 2014-03-30T21:37:54.421-0800: 9.835: [GC2014-03-30T21:37:54.422-0800: 9.836: [
checkpointRootsInitialWork, 0.3172210 secs]
 [1 CMS-initial-mark: 301996224(541065216)] 596448960(1028063232), 0.3181990 secs] [Times: user=0.32 sys=0.00, real=0.31 secs] 
2014-03-30T21:37:54.739-0800: 10.154: [CMS-concurrent-mark-start]
2014-03-30T21:37:54.773-0800: 10.188: [CMS-concurrent-mark: 0.034/0.034 secs] [Times: user=0.06 sys=0.00, real=0.04 secs] 
2014-03-30T21:37:54.773-0800: 10.188: [CMS-concurrent-preclean-start]
 (modUnionTable: 0 cards)2014-03-30T21:37:54.774-0800: 10.189: [CMS-concurrent-preclean: 0.001/0.001 secs] [Times: user=0.00 sys=0.00, real=0.00 secs] 
2014-03-30T21:37:54.774-0800: 10.189: [CMS-concurrent-abortable-preclean-start]
CMS: promo attempt is safe: available(239068992) >= av_promo(100665408),max_promo(294452736)
CMS: promo attempt is safe: available(239068992) >= av_promo(100665408),max_promo(294452736)
......
CMS: promo attempt is safe: available(239068992) >= av_promo(100665408),max_promo(294452736)
 (modUnionTable: 0 cards)Heap
 par new generation   total 475584K, used 291779K [0x00000007ba600000, 0x00000007daa00000, 0x00000007daa00000)
  eden space 422784K,  68% used [0x00000007ba600000, 0x00000007cc220fd0, 0x00000007d42e0000)
  from space 52800K,   1% used [0x00000007d7670000, 0x00000007d773fdf0, 0x00000007daa00000)
  to   space 52800K,   0% used [0x00000007d42e0000, 0x00000007d42e0000, 0x00000007d7670000)
 concurrent mark-sweep generation total 528384K, used 294918K [0x00000007daa00000, 0x00000007fae00000, 0x00000007fae00000)
 concurrent-mark-sweep perm gen total 21248K, used 3421K [0x00000007fae00000, 0x00000007fc2c0000, 0x0000000800000000)
[Verifying threads heap permgen CMS: promo attempt is safe: available(239068992) >= av_promo(100665408),max_promo(298782144)
concurrent mark-sweep generation par new generation remset syms strs zone dict hand C-heap code cache ]
