<?xml version='1.0' encoding='UTF-8'?>
<hotspot_log version='160 1' process='5215' time_ms='1411650123992'>
<vm_version>
<name>
OpenJDK 64-Bit Server VM
</name>
<release>
24.80-b04-fastdebug
</release>
<info>
OpenJDK 64-Bit Server VM (24.80-b04-fastdebug) for bsd-amd64 JRE (1.7.0-internal-fastdebug-fanhua_2014_03_29_15_49-b00), built on Mar 29 2014 16:17:55 by &quot;fanhua&quot; with gcc 4.2.1 Compatible Apple LLVM 5.1 (clang-503.0.38)
</info>
</vm_version>
<vm_arguments>
<args>
-XX:+UseCompressedOops -Xms200m -Xmx200m -Xmn80m -verbose:gc -XX:+UseConcMarkSweepGC -XX:+PrintGCDetails -XX:+ExplicitGCInvokesConcurrent -Dfile.encoding=GBK 
</args>
<command>
com.tmall.buy.gc.ExplicitGcTest
</command>
<launcher>
SUN_STANDARD
</launcher>
<properties>
java.vm.specification.name=Java Virtual Machine Specification
java.vm.version=24.80-b04-fastdebug
java.vm.name=OpenJDK 64-Bit Server VM
java.vm.info=mixed mode, sharing
java.ext.dirs=/Users/fanhua/Library/Java/Extensions:/Volumes/HDD/develop/tools/openjdk/openjdk7(24.80-b04)-fastdebug/j2sdk-image/jre/lib/ext:/Library/Java/Extensions:/Network/Library/Java/Extensions:/System/Library/Java/Extensions:/usr/lib/java
java.endorsed.dirs=/Volumes/HDD/develop/tools/openjdk/openjdk7(24.80-b04)-fastdebug/j2sdk-image/jre/lib/endorsed
sun.boot.library.path=/Volumes/HDD/develop/tools/openjdk/openjdk7(24.80-b04)-fastdebug/j2sdk-image/jre/lib
java.library.path=/Users/fanhua/Library/Java/Extensions:/Library/Java/Extensions:/Network/Library/Java/Extensions:/System/Library/Java/Extensions:/usr/lib/java:.
java.home=/Volumes/HDD/develop/tools/openjdk/openjdk7(24.80-b04)-fastdebug/j2sdk-image/jre
java.class.path=/Volumes/HDD/develop/minespace/Test/target/test-classes:/Volumes/HDD/develop/minespace/Test/target/classes:/Users/fanhua/.m2/repository3/javax/servlet/servlet-api/2.5/servlet-api-2.5.jar:/Users/fanhua/.m2/repository3/junit/junit/3.8.1/junit-3.8.1.jar:/Users/fanhua/.m2/repository3/com/caucho/hessian/4.0.33/hessian-4.0.33.jar:/Users/fanhua/.m2/repository3/org/openjdk/jmh/jmh-core/0.5.6/jmh-core-0.5.6.jar:/Users/fanhua/.m2/repository3/net/sf/jopt-simple/jopt-simple/4.6/jopt-simple-4.6.jar:/Users/fanhua/.m2/repository3/org/apache/commons/commons-math3/3.2/commons-math3-3.2.jar:/Users/fanhua/.m2/repository3/org/openjdk/jmh/jmh-generator-annprocess/0.5.6/jmh-generator-annprocess-0.5.6.jar:/Users/fanhua/.m2/repository3/io/netty/netty/3.6.2.Final/netty-3.6.2.Final.jar:/Users/fanhua/.m2/repository3/org/apache/storm/storm-core/0.9.2-incubating/storm-core-0.9.2-incubating.jar:/Users/fanhua/.m2/repository3/org/clojure/clojure/1.5.1/clojure-1.5.1.jar:/Users/fanhua/.m2/repository3/clj-time/clj-time/0.4.1/clj-time-0.4.1.jar:/Users/fanhua/.m2/repository3/joda-time/joda-time/2.0/joda-time-2.0.jar:/Users/fanhua/.m2/repository3/compojure/compojure/1.1.3/compojure-1.1.3.jar:/Users/fanhua/.m2/repository3/org/clojure/core.incubator/0.1.0/core.incubator-0.1.0.jar:/Users/fanhua/.m2/repository3/org/clojure/tools.macro/0.1.0/tools.macro-0.1.0.jar:/Users/fanhua/.m2/repository3/clout/clout/1.0.1/clout-1.0.1.jar:/Users/fanhua/.m2/repository3/ring/ring-core/1.1.5/ring-core-1.1.5.jar:/Users/fanhua/.m2/repository3/commons-codec/commons-codec/1.6/commons-codec-1.6.jar:/Users/fanhua/.m2/repository3/commons-io/commons-io/2.4/commons-io-2.4.jar:/Users/fanhua/.m2/repository3/commons-fileupload/commons-fileupload/1.2.1/commons-fileupload-1.2.1.jar:/Users/fanhua/.m2/repository3/hiccup/hiccup/0.3.6/hiccup-0.3.6.jar:/Users/fanhua/.m2/repository3/ring/ring-devel/0.3.11/ring-devel-0.3.11.jar:/Users/fanhua/.m2/repository3/clj-stacktrace/clj-stacktrace/0.2.2/clj-stacktrace-0.2.2.jar:/Users/fa
sun.boot.class.path=/Volumes/HDD/develop/tools/openjdk/openjdk7(24.80-b04)-fastdebug/j2sdk-image/jre/lib/resources.jar:/Volumes/HDD/develop/tools/openjdk/openjdk7(24.80-b04)-fastdebug/j2sdk-image/jre/lib/rt.jar:/Volumes/HDD/develop/tools/openjdk/openjdk7(24.80-b04)-fastdebug/j2sdk-image/jre/lib/sunrsasign.jar:/Volumes/HDD/develop/tools/openjdk/openjdk7(24.80-b04)-fastdebug/j2sdk-image/jre/lib/jsse.jar:/Volumes/HDD/develop/tools/openjdk/openjdk7(24.80-b04)-fastdebug/j2sdk-image/jre/lib/jce.jar:/Volumes/HDD/develop/tools/openjdk/openjdk7(24.80-b04)-fastdebug/j2sdk-image/jre/lib/charsets.jar:/Volumes/HDD/develop/tools/openjdk/openjdk7(24.80-b04)-fastdebug/j2sdk-image/jre/lib/jfr.jar:/Volumes/HDD/develop/tools/openjdk/openjdk7(24.80-b04)-fastdebug/j2sdk-image/jre/classes
java.vm.specification.vendor=Oracle Corporation
java.vm.specification.version=1.7
java.vm.vendor=Oracle Corporation
file.encoding=GBK
sun.java.command=com.tmall.buy.gc.ExplicitGcTest
sun.java.launcher=SUN_STANDARD
</properties>
</vm_arguments>
<tty>
<writer thread='15107'/>
[GC[ParNew: 65536K-&gt;8192K(73728K), 1.5396280 secs] 65536K-&gt;63686K(196608K), 1.5399450 secs] [Times: user=5.65 sys=0.21, real=1.54 secs] 
[GC[ParNew: 62627K-&gt;3011K(73728K), 0.0171810 secs] 118121K-&gt;59097K(196608K), 0.0177520 secs] [Times: user=0.05 sys=0.00, real=0.02 secs] 
[GC [1 CMS-initial-mark: 56085K(122880K)] 59097K(196608K), 0.0020280 secs] [Times: user=0.01 sys=0.00, real=0.00 secs] 
<writer thread='14595'/>
[CMS-concurrent-mark: 0.011/0.011 secs] [Times: user=0.02 sys=0.00, real=0.01 secs] 
[CMS-concurrent-preclean: 0.000/0.000 secs] [Times: user=0.00 sys=0.00, real=0.00 secs] 
<writer thread='15107'/>
[GC[YG occupancy: 3011 K (73728 K)][checkpointRootsFinalWork[Rescan (parallel) , 0.0005220 secs][refProcessingWork[weak refs processing, 0.0000460 secs][scrub string table, 0.0001330 secs], 0.0002090 secs], 0.0007720 secs] [1 CMS-remark: 56085K(122880K)] 59097K(196608K), 0.0008070 secs] [Times: user=0.00 sys=0.00, real=0.00 secs] 
<writer thread='14595'/>
[CMS-concurrent-sweep: 0.805/0.805 secs] [Times: user=0.71 sys=0.00, real=0.80 secs] 
[CMS-concurrent-reset: 0.000/0.000 secs] [Times: user=0.00 sys=0.00, real=0.00 secs] 
<writer thread='15107'/>
[GC [1 CMS-initial-mark: 16994K(122880K)] 21629K(196608K), 0.0014340 secs] [Times: user=0.00 sys=0.00, real=0.00 secs] 
<writer thread='14595'/>
[CMS-concurrent-mark: 0.013/0.013 secs] [Times: user=0.02 sys=0.00, real=0.02 secs] 
[CMS-concurrent-preclean: 0.000/0.000 secs] [Times: user=0.00 sys=0.00, real=0.00 secs] 
<writer thread='15107'/>
[GC[YG occupancy: 4635 K (73728 K)][checkpointRootsFinalWork[Rescan (parallel) , 0.0005340 secs][refProcessingWork[weak refs processing, 0.0000160 secs][scrub string table, 0.0001460 secs], 0.0001840 secs], 0.0007630 secs] [1 CMS-remark: 16994K(122880K)] 21629K(196608K), 0.0008050 secs] [Times: user=0.01 sys=0.00, real=0.00 secs] 
<writer thread='14595'/>
[CMS-concurrent-sweep: 0.675/0.675 secs] [Times: user=0.68 sys=0.00, real=0.67 secs] 
[CMS-concurrent-reset: 0.000/0.000 secs] [Times: user=0.00 sys=0.00, real=0.00 secs] 
<writer thread='15107'/>
[GC [1 CMS-initial-mark: 16990K(122880K)] 21625K(196608K), 0.0014270 secs] [Times: user=0.00 sys=0.00, real=0.00 secs] 
<writer thread='14595'/>
[CMS-concurrent-mark: 0.018/0.018 secs] [Times: user=0.04 sys=0.00, real=0.02 secs] 
[CMS-concurrent-preclean: 0.000/0.000 secs] [Times: user=0.00 sys=0.00, real=0.00 secs] 
<writer thread='15107'/>
[GC[YG occupancy: 4635 K (73728 K)][checkpointRootsFinalWork[Rescan (parallel) , 0.0004890 secs][refProcessingWork[weak refs processing, 0.0000150 secs][scrub string table, 0.0001330 secs], 0.0001730 secs], 0.0007050 secs] [1 CMS-remark: 16990K(122880K)] 21625K(196608K), 0.0007420 secs] [Times: user=0.00 sys=0.00, real=0.00 secs] 
<writer thread='14595'/>
[CMS-concurrent-sweep: 0.010/0.010 secs] [Times: user=0.01 sys=0.00, real=0.01 secs] 
[CMS-concurrent-reset: 0.000/0.000 secs] [Times: user=0.00 sys=0.00, real=0.00 secs] 
<writer thread='15107'/>
[GC [1 CMS-initial-mark: 16990K(122880K)] 21625K(196608K), 0.0014360 secs] [Times: user=0.00 sys=0.00, real=0.00 secs] 
<writer thread='14595'/>
[CMS-concurrent-mark: 0.019/0.019 secs] [Times: user=0.04 sys=0.00, real=0.02 secs] 
[CMS-concurrent-preclean: 0.000/0.000 secs] [Times: user=0.00 sys=0.00, real=0.00 secs] 
<writer thread='15107'/>
[GC[YG occupancy: 4635 K (73728 K)][checkpointRootsFinalWork[Rescan (parallel) , 0.0006540 secs][refProcessingWork[weak refs processing, 0.0000250 secs][scrub string table, 0.0001590 secs], 0.0005640 secs], 0.0012760 secs] [1 CMS-remark: 16990K(122880K)] 21625K(196608K), 0.0013320 secs] [Times: user=0.00 sys=0.00, real=0.00 secs] 
<writer thread='14595'/>
[CMS-concurrent-sweep: 0.004/0.004 secs] [Times: user=0.01 sys=0.00, real=0.01 secs] 
[CMS-concurrent-reset: 0.000/0.000 secs] [Times: user=0.00 sys=0.00, real=0.00 secs] 
<writer thread='15107'/>
[GC [1 CMS-initial-mark: 16990K(122880K)] 21625K(196608K), 0.0013920 secs] [Times: user=0.00 sys=0.00, real=0.00 secs] 
<writer thread='14595'/>
[CMS-concurrent-mark: 0.018/0.018 secs] [Times: user=0.04 sys=0.00, real=0.02 secs] 
[CMS-concurrent-preclean: 0.000/0.000 secs] [Times: user=0.00 sys=0.00, real=0.00 secs] 
<writer thread='15107'/>
[GC[YG occupancy: 4635 K (73728 K)][checkpointRootsFinalWork[Rescan (parallel) , 0.0005850 secs][refProcessingWork[weak refs processing, 0.0000220 secs][scrub string table, 0.0002030 secs], 0.0002580 secs], 0.0008970 secs] [1 CMS-remark: 16990K(122880K)] 21625K(196608K), 0.0009480 secs] [Times: user=0.00 sys=0.00, real=0.00 secs] 
<writer thread='14595'/>
[CMS-concurrent-sweep: 0.009/0.009 secs] [Times: user=0.00 sys=0.00, real=0.01 secs] 
[CMS-concurrent-reset: 0.000/0.000 secs] [Times: user=0.00 sys=0.00, real=0.00 secs] 
<writer thread='15107'/>
[GC[ParNew: 68547K-&gt;8192K(73728K), 1.6535580 secs] 85538K-&gt;101568K(196608K), 1.6538140 secs] [Times: user=5.32 sys=0.01, real=1.65 secs] 
[GC [1 CMS-initial-mark: 93376K(122880K)] 102801K(196608K), 0.0622760 secs] [Times: user=0.07 sys=0.00, real=0.06 secs] 
<writer thread='14595'/>
[CMS-concurrent-mark: 0.872/0.872 secs] [Times: user=1.74 sys=0.01, real=0.88 secs] 
[CMS-concurrent-preclean: 0.168/0.168 secs] [Times: user=0.17 sys=0.00, real=0.16 secs] 
[CMS-concurrent-abortable-preclean: 0.000/0.000 secs] [Times: user=0.00 sys=0.00, real=0.00 secs] 
<writer thread='15107'/>
[GC[YG occupancy: 41482 K (73728 K)][checkpointRootsFinalWork[Rescan (parallel) , 0.5795020 secs][refProcessingWork[weak refs processing, 0.0000180 secs][scrub string table, 0.0001530 secs], 0.0001940 secs], 0.5797630 secs] [1 CMS-remark: 93376K(122880K)] 134859K(196608K), 0.5798060 secs] [Times: user=4.38 sys=0.02, real=0.58 secs] 
<writer thread='14595'/>
[CMS-concurrent-sweep: 0.663/0.663 secs] [Times: user=0.66 sys=0.00, real=0.66 secs] 
[CMS-concurrent-reset: 0.000/0.000 secs] [Times: user=0.00 sys=0.00, real=0.00 secs] 
<writer thread='15107'/>
[GC [1 CMS-initial-mark: 93376K(122880K)] 134859K(196608K), 0.2852130 secs] [Times: user=0.29 sys=0.00, real=0.28 secs] 
<writer thread='14595'/>
[CMS-concurrent-mark: 0.803/0.803 secs] [Times: user=1.60 sys=0.00, real=0.80 secs] 
[CMS-concurrent-preclean: 0.000/0.000 secs] [Times: user=0.00 sys=0.00, real=0.00 secs] 
[CMS-concurrent-abortable-preclean: 0.000/0.000 secs] [Times: user=0.00 sys=0.00, real=0.00 secs] 
<writer thread='15107'/>
[GC[YG occupancy: 41482 K (73728 K)][checkpointRootsFinalWork[Rescan (parallel) , 0.5774840 secs][refProcessingWork[weak refs processing, 0.0000170 secs][scrub string table, 0.0001580 secs], 0.0002020 secs], 0.5777540 secs] [1 CMS-remark: 93376K(122880K)] 134859K(196608K), 0.5777920 secs] [Times: user=4.41 sys=0.02, real=0.58 secs] 
<writer thread='14595'/>
[CMS-concurrent-sweep: 0.657/0.657 secs] [Times: user=0.66 sys=0.00, real=0.66 secs] 
[CMS-concurrent-reset: 0.000/0.000 secs] [Times: user=0.00 sys=0.00, real=0.00 secs] 
<writer thread='15107'/>
[GC [1 CMS-initial-mark: 93376K(122880K)] 134859K(196608K), 0.2829660 secs] [Times: user=0.28 sys=0.00, real=0.28 secs] 
<writer thread='14595'/>
[CMS-concurrent-mark: 0.807/0.807 secs] [Times: user=1.61 sys=0.00, real=0.81 secs] 
[CMS-concurrent-preclean: 0.000/0.000 secs] [Times: user=0.01 sys=0.00, real=0.00 secs] 
[CMS-concurrent-abortable-preclean: 0.000/0.000 secs] [Times: user=0.00 sys=0.00, real=0.00 secs] 
<writer thread='15107'/>
[GC[YG occupancy: 41482 K (73728 K)][checkpointRootsFinalWork[Rescan (parallel) , 0.5792420 secs][refProcessingWork[weak refs processing, 0.0000160 secs][scrub string table, 0.0001550 secs], 0.0001960 secs], 0.5795000 secs] [1 CMS-remark: 93376K(122880K)] 134859K(196608K), 0.5795450 secs] [Times: user=4.40 sys=0.02, real=0.58 secs] 
<writer thread='6403'/>
Heap
 par new generation   total 73728K, used 42138K [0x00000007ee600000, 0x00000007f3600000, 0x00000007f3600000)
  eden space 65536K,  51% used [0x00000007ee600000, 0x00000007f0726840, 0x00000007f2600000)
  from space 8192K, 100% used [0x00000007f2e00000, 0x00000007f3600000, 0x00000007f3600000)
  to   space 8192K,   0% used [0x00000007f2600000, 0x00000007f2600000, 0x00000007f2e00000)
 concurrent mark-sweep generation total 122880K, used 93376K [0x00000007f3600000, 0x00000007fae00000, 0x00000007fae00000)
 concurrent-mark-sweep perm gen total 21248K, used 2987K [0x00000007fae00000, 0x00000007fc2c0000, 0x0000000800000000)
C1 Runtime statistics:
 _resolve_invoke_virtual_cnt:     0
 _resolve_invoke_opt_virtual_cnt: 1
 _resolve_invoke_static_cnt:      1
 _handle_wrong_method_cnt:        0
 _ic_miss_cnt:                    0
 _generic_arraycopy_cnt:          0
 _generic_arraycopystub_cnt:      0
 _byte_arraycopy_cnt:             0
 _short_arraycopy_cnt:            0
 _int_arraycopy_cnt:              0
 _long_arraycopy_cnt:             0
 _primitive_arraycopy_cnt:        0
 _oop_arraycopy_cnt (C):          0
 _oop_arraycopy_cnt (stub):       0
 _arraycopy_slowcase_cnt:         0
 _arraycopy_checkcast_cnt:        0
 _arraycopy_checkcast_attempt_cnt:0
 _new_type_array_slowcase_cnt:    0
 _new_object_array_slowcase_cnt:  0
 _new_instance_slowcase_cnt:      0
 _new_multi_array_slowcase_cnt:   0
 _monitorenter_slowcase_cnt:      0
 _monitorexit_slowcase_cnt:       0
 _patch_code_slowcase_cnt:        0
 _throw_range_check_exception_count:            0:
 _throw_index_exception_count:                  0:
 _throw_div0_exception_count:                   0:
 _throw_null_pointer_exception_count:           0:
 _throw_class_cast_exception_count:             0:
 _throw_incompatible_class_change_error_count:  0:
 _throw_array_store_exception_count:            0:
 _throw_count:                                  0:

<statistics type='deoptimization'>
Deoptimization traps recorded:
     1 (100.0%) total
            unloaded/reinterpret/getstatic: 1 (100.0%)
</statistics>
<statistics type='SharedRuntime'>
  211 new instance requires GC
    0 inline cache miss in compiled
    0 wrong method
    1 unresolved static call site
    0 unresolved virtual call site
    1 unresolved opt virtual call site
    7 slow partial subtype
   12 byte array copies
   12 short array copies
   12 int array copies
   12 long array copies
AdapterHandlerTable: empty 184 longest 3 total 140 average 1.284404
AdapterHandlerTable: lookups 5187 buckets 5546 equals 5047 hits 5047 compact 5047
</statistics>
<statistics type='nmethod'>
Statistics for 14 bytecoded nmethods:
 total in heap  = 22432
 relocation     = 768
 main code      = 6432
 stub code      = 496
 oops           = 352
 scopes data    = 2544
 scopes pcs     = 6976
 dependencies   = 112
 handler table  = 336
 nul chk table  = 224
Debug Data Chunks: 726, shared 97+247, non-SP&apos;s elided 2
PcDesc Statistics:  10 queries, 10.70 comparisons per query
  caches=14 queries=10/0, hits=0+0, tests=20+87, adds=10
</statistics>
<statistics type='opto'>
--- Compiler Statistics ---
Methods seen: 39  Methods parsed: 39  Nodes created: 11472
Blocks parsed: 115  Blocks seen: 120
118 original NULL checks - 95 elided (80%); optimizer leaves 36,
18 made implicit (50%)
CCP: 14  constants found: 0
Total frameslots = 140, Max frameslots = 32
Inserted 0 spill loads, 0 spill stores, 0 mem-mem moves and 0 copies.
Total load cost=      0, store cost =      0, mem-mem cost =  0.00, copy cost =     0.
Adjusted spill cost =       0.
Conservatively coalesced 51 copies, 0 pairs, 58 post alloc.
Used cisc instruction  2,  remained in register 121
Average allocation trips 1.166667
High Pressure Blocks = 0, Low Pressure Blocks = 0
Nops added 0 bytes to total of 8231 bytes, for 0.00%
Peephole: peephole rules applied: 0
PhaseIdealLoop=73, sum _unique=28959
</statistics>
<statistics type='intrinsic'>
Compiler intrinsic usage:
     1 (100.0%) _min (worked)
     1 (100.0%) total (worked)
</statistics>
<writer thread='15107'/>
<destroy_vm stamp='24.952'/>
[Verifying threads heap permgen concurrent mark-sweep generation par new generation remset syms strs zone dict hand C-heap code cache ]
<tty_done stamp='28.999'/>
</tty>
<hotspot_log_done stamp='28.999'/>
</hotspot_log>
